function hello() {
    console.log("world!");
}

BABYLON.Effect.ShadersStore["TestVertexShader"] = "test";

var distraction = "look over there, a unicorn!";

BABYLON.Effect.ShadersStore["TestFragmentShader"] = "";

